

  retries
  retries
test
    1) retried once


  0 passing (11ms)
  1 failing

  1) retries retried once:
     Error: should fail
      at RetriesTest.retried once (tests/ts/retries.js:16:15)
      at Context.<anonymous> (index.js:173:43)



